// Jest Snapshot v1, https://goo.gl/fbAQLP

exports[`v4 getOptions should work with no options: warnings 1`] = `
Array [
  [ModuleWarning: Module Warning (from ./testLoader1.js):
(Emitted value instead of an instance of Error) [object Object]],
]
`;

exports[`v5 getOptions should work with no options: warnings 1`] = `
Array [
  [ModuleWarning: Module Warning (from ./testLoader1.js):
(Emitted value instead of an instance of Error) [object Object]],
]
`;
